
   INFO  Starting server on 127.0.0.1:8081 (reverb.softvencefsd.xyz).  

   INFO  Gracefully terminating connections.  


   INFO  Starting server on 127.0.0.1:8081 (admin.vuqia.net).  

   INFO  Gracefully terminating connections.  


   INFO  Starting server on 127.0.0.1:8083 (admin.vuqia.net).  

   INFO  Gracefully terminating connections.  


   INFO  Starting server on 127.0.0.1:8081 (admin.vuqia.net).  

   INFO  Gracefully terminating connections.  


   INFO  Starting server on 127.0.0.1:8081 (admin.vuqia.net).  

   INFO  Gracefully terminating connections.  


   INFO  Starting server on 127.0.0.1:6001 (admin.vuqia.net).  


   Illuminate\Database\QueryException 

  SQLSTATE[HY000] [2002] Connection refused (Connection: mysql, SQL: select * from `cache` where `key` in (laravel:reverb:restart))

  at /home/vuqia-admin/htdocs/admin.vuqia.net/vendor/laravel/framework/src/Illuminate/Database/Connection.php:825
    821▕                     $this->getName(), $query, $this->prepareBindings($bindings), $e
    822▕                 );
    823▕             }
    824▕ 
  ➜ 825▕             throw new QueryException(
    826▕                 $this->getName(), $query, $this->prepareBindings($bindings), $e
    827▕             );
    828▕         }
    829▕     }

      [2m+40 vendor frames [22m

  41  /home/vuqia-admin/htdocs/admin.vuqia.net/artisan:13
      Illuminate\Foundation\Application::handleCommand()


   INFO  Starting server on 127.0.0.1:6001 (admin.vuqia.net).  

